---
source: tests/connection_palette_render.rs
assertion_line: 35
expression: full
---
  Alpha   Beta
 Keys                        0 │ Value
  ⣾ loading...                 │Select a key to view its value
                ╭ Connections ─────────────────────────────────╮
                │▸ ● Alpha (127.0.0.1:6379)                    │
                │  ● Beta (127.0.0.1:6379)                     │
                │                                              │
                │                                              │
                │                                              │
                │                                              │
                │                                              │
                │                                              │
                │                                              │
                │     Enter  connect  d  delete  Esc  close    │
                │                                              │
                │                                              │
                ╰──────────────────────────────────────────────╯
                               │
                               │
                                 ? help  Q quit                ● 127.0.0.1:6379
