---
source: tests/key_list_render.rs
expression: normal
---
 Keys           1 of 3 │ user:123             expires in 1h
 ▸ use     1h    json ▲│Select a key to view its value
   use     1h    json █│
   ses    30m  string █│
                      █│
                      █│
                      █│
                      █│
                      █│
                      █│
                      █│
                      █│
                      █│
                      █│
                      ││
                      ││
                      ▼│
 user:123              ? help  Q quit      ● 127.0.0.1:6379
