---
source: tests/key_list_render.rs
expression: rendered
---
 Keys               1 of 3 │ ttl:hours                  expires in 2h
 ▸ ttl:...     2h    hash ▲│Select a key to view its value
   ttl:...     4m    list █│
   ttl:...    30s  string █│
                          █│
                          █│
                          █│
                          █│
                          █│
                          ││
                          ▼│
 ttl:hours                 ? help  Q quit            ● 127.0.0.1:6379
