---
source: tests/key_list_render.rs
expression: with_search
---
 Keys │ /user 2 results│ user:123             expires in 1h
use     1h    json    ▲│Select a key to view its value
use     1h    json    █│
                      █│
                      █│
                      █│
                      █│
                      █│
                      █│
                      █│
                      █│
                      █│
                      █│
                      █│
                      █│
                      ││
                      ▼│
 user:123              ? help  Q quit      ● 127.0.0.1:6379
