---
source: tests/key_list_render.rs
expression: with_search
---
 Keys          2 found │ user:123 expires in 1h · size: 85 B
use     1h    json    ▲│Select a key to view its value
use     1h    json    █│
                      █│
                      █│
                      █│
                      █│
                      █│
                      █│
                      █│
                      █│
                      █│
                      █│
                      █│
                      ││
                      ▼│
/user                                              2 found
 user:123              ? help  Q quit      ● 127.0.0.1:6379
