---
source: tests/key_list_render.rs
assertion_line: 32
expression: with_search
---
 Keys │ /user 2 results│ user:123
user:123      json    ▲│Select a key to view its value
user:456      json    █│
                      █│
                      █│
                      █│
                      █│
                      █│
                      █│
                      █│
                      █│
                      █│
                      █│
                      █│
                      █│
                      ││
                      ▼│
 user:123              ? help  Q quit      ● 127.0.0.1:6379
